// Jest Snapshot v1, https://goo.gl/fbAQLP

exports[`ListNews component Shows error message 1`] = `"<div><h1>Error</h1><div id=\\"error-text\\">Error: Something went wrong</div></div>"`;

exports[`ListNews component Shows title 1`] = `"<div><h1>News Articles</h1><header><ul><li><a href=\\"/frontPage\\">Go to Front page</a></li></ul></header><h1>title 1</h1><h3>sport</h3><h4>Cooljean</h4><div>something</div><h1>title 2</h1><h3>weather</h3><h4>Jon</h4><div>something 2</div></div>"`;

exports[`ListNews component shows loading screen 1`] = `"<div>Loading...</div>"`;
